Adversary: alpha [2J OVER
Repository: repo txt next

Overall assessment

Risk: Low

first OVER [2J

second tail

Positive signals

- positive INJECT

Observations

- observe INJECT

Overall opinion

ship bell

Review complete

Findings: 1

[low [31m] title OVER
file OVER

Category: cat evil
Confidence: high INJECT

Summary

line one OVER [2J

line two hidden

Evidence

- file OVER - message [2J
  snippet INJECT

Recommendation

recommend 31m

Estimated remediation

soon OVER
