Print the doomer version

Usage:
  doomer version [flags]

Flags:
      --format string   output format: text or json (default "text")
  -h, --help            help for version
      --json            deprecated alias for --format json

Global Flags:
      --api-url string   Doomer API endpoint (or ADVERSARY_API_URL) (default "https://doomer.ai/api")
      --profile string   credential profile (default "default")
